exports[`<Home /> renders 1`] = `
<ul
  style={
    Object {
      "marginTop": "1rem",
    }
  }>
  <li>
    <Link
      activeClassName=""
      activeOnlyWhenExact={false}
      activeStyle={Object {}}
      className=""
      isActive={[Function]}
      replace={false}
      style={Object {}}
      to="/">
      Home
    </Link>
  </li>
  <li>
    <Link
      activeClassName=""
      activeOnlyWhenExact={false}
      activeStyle={Object {}}
      className=""
      isActive={[Function]}
      replace={false}
      style={Object {}}
      to="/about">
      About
    </Link>
  </li>
</ul>
`;
